16:16:00 [1/2] 일별 관객·메타 수집 2024-01-01~2026-05-20
16:16:05   2024-01-01~2024-01-07: 관객행 786, 신규영화 215 (누적 215편)
16:16:14   2024-01-08~2024-01-14: 관객행 831, 신규영화 115 (누적 330편)
16:16:20   2024-01-15~2024-01-21: 관객행 836, 신규영화 70 (누적 400편)
16:16:26   2024-01-22~2024-01-28: 관객행 901, 신규영화 57 (누적 457편)
16:16:39   2024-01-29~2024-02-04: 관객행 256, 신규영화 4 (누적 461편)
16:16:45   2024-02-05~2024-02-11: 관객행 942, 신규영화 85 (누적 546편)
16:16:52   2024-02-12~2024-02-18: 관객행 932, 신규영화 76 (누적 622편)
16:16:58   2024-02-19~2024-02-25: 관객행 1070, 신규영화 62 (누적 684편)
16:17:14 [1/2] 일별 관객·메타 수집 2024-01-01~2026-05-20
16:17:19   2024-02-26~2024-03-03: 관객행 1044, 신규영화 48 (누적 732편)
16:17:24   2024-03-04~2024-03-10: 관객행 929, 신규영화 92 (누적 824편)
16:17:30   2024-03-11~2024-03-17: 관객행 797, 신규영화 51 (누적 875편)
16:17:37   2024-03-18~2024-03-24: 관객행 837, 신규영화 74 (누적 949편)
16:17:43   2024-03-25~2024-03-31: 관객행 946, 신규영화 93 (누적 1042편)
16:17:50   2024-04-01~2024-04-07: 관객행 1010, 신규영화 84 (누적 1126편)
16:17:57   2024-04-08~2024-04-14: 관객행 1041, 신규영화 55 (누적 1181편)
16:18:05   2024-04-15~2024-04-21: 관객행 1005, 신규영화 57 (누적 1238편)
16:18:11   2024-04-22~2024-04-28: 관객행 985, 신규영화 65 (누적 1303편)
16:18:17   2024-04-29~2024-05-05: 관객행 901, 신규영화 74 (누적 1377편)
16:18:22   2024-05-06~2024-05-12: 관객행 850, 신규영화 65 (누적 1442편)
16:18:29   2024-05-13~2024-05-19: 관객행 870, 신규영화 78 (누적 1520편)
16:18:36   2024-05-20~2024-05-26: 관객행 965, 신규영화 72 (누적 1592편)
16:18:44   2024-05-27~2024-06-02: 관객행 979, 신규영화 104 (누적 1696편)
16:18:51   2024-06-03~2024-06-09: 관객행 1003, 신규영화 65 (누적 1761편)
16:18:58   2024-06-10~2024-06-16: 관객행 954, 신규영화 70 (누적 1831편)
16:19:06   2024-06-17~2024-06-23: 관객행 943, 신규영화 105 (누적 1936편)
16:19:13   2024-06-24~2024-06-30: 관객행 902, 신규영화 98 (누적 2034편)
16:19:19   2024-07-01~2024-07-07: 관객행 997, 신규영화 60 (누적 2094편)
16:19:25   2024-07-08~2024-07-14: 관객행 1030, 신규영화 54 (누적 2148편)
16:19:32   2024-07-15~2024-07-21: 관객행 1125, 신규영화 108 (누적 2256편)
16:19:39   2024-07-22~2024-07-28: 관객행 1160, 신규영화 62 (누적 2318편)
16:19:46   2024-07-29~2024-08-04: 관객행 1063, 신규영화 76 (누적 2394편)
16:19:53   2024-08-05~2024-08-11: 관객행 1061, 신규영화 67 (누적 2461편)
16:20:01   2024-08-12~2024-08-18: 관객행 1091, 신규영화 98 (누적 2559편)
16:20:10   2024-08-19~2024-08-25: 관객행 1025, 신규영화 186 (누적 2745편)
16:20:18   2024-08-26~2024-09-01: 관객행 1259, 신규영화 55 (누적 2800편)
16:20:27   2024-09-02~2024-09-08: 관객행 1056, 신규영화 137 (누적 2937편)
16:20:37   2024-09-09~2024-09-15: 관객행 1139, 신규영화 68 (누적 3005편)
16:20:44   2024-09-16~2024-09-22: 관객행 982, 신규영화 38 (누적 3043편)
16:20:53   2024-09-23~2024-09-29: 관객행 1106, 신규영화 107 (누적 3150편)
16:21:00   2024-09-30~2024-10-06: 관객행 1026, 신규영화 44 (누적 3194편)
16:21:07   2024-10-07~2024-10-13: 관객행 835, 신규영화 61 (누적 3255편)
16:21:16   2024-10-14~2024-10-20: 관객행 1047, 신규영화 106 (누적 3361편)
16:21:24   2024-10-21~2024-10-27: 관객행 1119, 신규영화 85 (누적 3446편)
16:21:31   2024-10-28~2024-11-03: 관객행 1081, 신규영화 69 (누적 3515편)
16:21:41   2024-11-04~2024-11-10: 관객행 1292, 신규영화 153 (누적 3668편)
16:21:49   2024-11-11~2024-11-17: 관객행 1402, 신규영화 81 (누적 3749편)
16:21:57   2024-11-18~2024-11-24: 관객행 1424, 신규영화 94 (누적 3843편)
16:22:09   2024-11-25~2024-12-01: 관객행 1440, 신규영화 147 (누적 3990편)
16:22:18   2024-12-02~2024-12-08: 관객행 1462, 신규영화 90 (누적 4080편)
16:22:26   2024-12-09~2024-12-15: 관객행 1218, 신규영화 60 (누적 4140편)
16:22:33   2024-12-16~2024-12-22: 관객행 1189, 신규영화 52 (누적 4192편)
16:22:41   2024-12-23~2024-12-29: 관객행 1237, 신규영화 35 (누적 4227편)
16:22:48   2024-12-30~2025-01-05: 관객행 1050, 신규영화 57 (누적 4284편)
16:22:54   2025-01-06~2025-01-12: 관객행 837, 신규영화 40 (누적 4324편)
16:23:02   2025-01-13~2025-01-19: 관객행 879, 신규영화 38 (누적 4362편)
16:23:08   2025-01-20~2025-01-26: 관객행 881, 신규영화 43 (누적 4405편)
16:23:14   2025-01-27~2025-02-02: 관객행 879, 신규영화 24 (누적 4429편)
16:23:21   2025-02-03~2025-02-09: 관객행 949, 신규영화 55 (누적 4484편)
16:23:28   2025-02-10~2025-02-16: 관객행 960, 신규영화 38 (누적 4522편)
16:23:35   2025-02-17~2025-02-23: 관객행 1049, 신규영화 22 (누적 4544편)
16:23:43   2025-02-24~2025-03-02: 관객행 983, 신규영화 37 (누적 4581편)
16:23:50   2025-03-03~2025-03-09: 관객행 937, 신규영화 46 (누적 4627편)
16:23:57   2025-03-10~2025-03-16: 관객행 935, 신규영화 41 (누적 4668편)
16:24:04   2025-03-17~2025-03-23: 관객행 955, 신규영화 19 (누적 4687편)
16:24:11   2025-03-24~2025-03-30: 관객행 912, 신규영화 39 (누적 4726편)
16:24:19   2025-03-31~2025-04-06: 관객행 946, 신규영화 45 (누적 4771편)
16:24:26   2025-04-07~2025-04-13: 관객행 1135, 신규영화 54 (누적 4825편)
16:24:32   2025-04-14~2025-04-20: 관객행 1117, 신규영화 46 (누적 4871편)
16:24:39   2025-04-21~2025-04-27: 관객행 1038, 신규영화 59 (누적 4930편)
16:24:45   2025-04-28~2025-05-04: 관객행 1031, 신규영화 33 (누적 4963편)
16:24:52   2025-05-05~2025-05-11: 관객행 992, 신규영화 48 (누적 5011편)
16:24:59   2025-05-12~2025-05-18: 관객행 1035, 신규영화 35 (누적 5046편)
16:25:07   2025-05-19~2025-05-25: 관객행 1001, 신규영화 55 (누적 5101편)
16:25:16   2025-05-26~2025-06-01: 관객행 1049, 신규영화 96 (누적 5197편)
16:25:23   2025-06-02~2025-06-08: 관객행 935, 신규영화 39 (누적 5236편)
16:25:32   2025-06-09~2025-06-15: 관객행 1017, 신규영화 89 (누적 5325편)
16:25:40   2025-06-16~2025-06-22: 관객행 1048, 신규영화 60 (누적 5385편)
16:25:47   2025-06-23~2025-06-29: 관객행 1111, 신규영화 64 (누적 5449편)
16:25:53   2025-06-30~2025-07-06: 관객행 1062, 신규영화 38 (누적 5487편)
16:25:59   2025-07-07~2025-07-13: 관객행 953, 신규영화 43 (누적 5530편)
16:26:06   2025-07-14~2025-07-20: 관객행 941, 신규영화 75 (누적 5605편)
16:26:13   2025-07-21~2025-07-27: 관객행 1058, 신규영화 59 (누적 5664편)
16:26:21   2025-07-28~2025-08-03: 관객행 1136, 신규영화 74 (누적 5738편)
16:26:29   2025-08-04~2025-08-10: 관객행 1049, 신규영화 67 (누적 5805편)
16:26:37   2025-08-11~2025-08-17: 관객행 1132, 신규영화 59 (누적 5864편)
16:26:45   2025-08-18~2025-08-24: 관객행 1038, 신규영화 97 (누적 5961편)
16:26:55   2025-08-25~2025-08-31: 관객행 1222, 신규영화 117 (누적 6078편)
16:27:02   2025-09-01~2025-09-07: 관객행 1039, 신규영화 93 (누적 6171편)
16:27:11   2025-09-08~2025-09-14: 관객행 1111, 신규영화 117 (누적 6288편)
16:27:19   2025-09-15~2025-09-21: 관객행 1137, 신규영화 85 (누적 6373편)
16:27:27   2025-09-22~2025-09-28: 관객행 1193, 신규영화 97 (누적 6470편)
16:27:35   2025-09-29~2025-10-05: 관객행 1153, 신규영화 71 (누적 6541편)
16:27:43   2025-10-06~2025-10-12: 관객행 1061, 신규영화 77 (누적 6618편)
16:27:54   2025-10-13~2025-10-19: 관객행 1218, 신규영화 124 (누적 6742편)
16:28:03   2025-10-20~2025-10-26: 관객행 1136, 신규영화 140 (누적 6882편)
16:28:12   2025-10-27~2025-11-02: 관객행 1159, 신규영화 78 (누적 6960편)
16:28:21   2025-11-03~2025-11-09: 관객행 1104, 신규영화 149 (누적 7109편)
16:28:32   2025-11-10~2025-11-16: 관객행 1350, 신규영화 92 (누적 7201편)
16:28:40   2025-11-17~2025-11-23: 관객행 1238, 신규영화 113 (누적 7314편)
16:28:49   2025-11-24~2025-11-30: 관객행 1118, 신규영화 131 (누적 7445편)
16:28:59   2025-12-01~2025-12-07: 관객행 1392, 신규영화 92 (누적 7537편)
16:29:06   2025-12-08~2025-12-14: 관객행 1115, 신규영화 100 (누적 7637편)
16:29:13   2025-12-15~2025-12-21: 관객행 1158, 신규영화 88 (누적 7725편)
16:29:20   2025-12-22~2025-12-28: 관객행 1094, 신규영화 44 (누적 7769편)
16:29:26   2025-12-29~2026-01-04: 관객행 1085, 신규영화 30 (누적 7799편)
16:29:33   2026-01-05~2026-01-11: 관객행 966, 신규영화 74 (누적 7873편)
16:29:41   2026-01-12~2026-01-18: 관객행 1101, 신규영화 74 (누적 7947편)
16:29:51   2026-01-19~2026-01-25: 관객행 1009, 신규영화 33 (누적 7980편)
16:30:01   2026-01-26~2026-02-01: 관객행 1280, 신규영화 108 (누적 8088편)
16:30:08   2026-02-02~2026-02-08: 관객행 1126, 신규영화 45 (누적 8133편)
16:30:15   2026-02-09~2026-02-15: 관객행 1167, 신규영화 53 (누적 8186편)
16:30:21   2026-02-16~2026-02-22: 관객행 1103, 신규영화 46 (누적 8232편)
16:30:29   2026-02-23~2026-03-01: 관객행 1234, 신규영화 76 (누적 8308편)
16:30:35   2026-03-02~2026-03-08: 관객행 999, 신규영화 40 (누적 8348편)
16:30:42   2026-03-09~2026-03-15: 관객행 1041, 신규영화 68 (누적 8416편)
16:30:48   2026-03-16~2026-03-22: 관객행 977, 신규영화 48 (누적 8464편)
16:30:54   2026-03-23~2026-03-29: 관객행 1051, 신규영화 80 (누적 8544편)
16:31:07   2026-03-30~2026-04-05: 관객행 1030, 신규영화 46 (누적 8590편)
16:31:14   2026-04-06~2026-04-12: 관객행 1155, 신규영화 89 (누적 8679편)
16:31:21   2026-04-13~2026-04-19: 관객행 1206, 신규영화 74 (누적 8753편)
16:31:28   2026-04-20~2026-04-26: 관객행 1096, 신규영화 83 (누적 8836편)
16:31:34   2026-04-27~2026-05-03: 관객행 1054, 신규영화 35 (누적 8871편)
16:31:40   2026-05-04~2026-05-10: 관객행 1027, 신규영화 42 (누적 8913편)
16:31:47   2026-05-11~2026-05-17: 관객행 1004, 신규영화 68 (누적 8981편)
16:31:53   2026-05-18~2026-05-20: 관객행 451, 신규영화 38 (누적 9019편)
16:31:53 [2/2] 좌석 수집 (하루 단위 엑셀)
16:31:54   좌석 미수집 871일
16:32:43   좌석 25/871
16:33:29   좌석 50/871
16:34:14   좌석 75/871
16:35:00   좌석 100/871
16:35:49   좌석 125/871
16:36:49   좌석 150/871
16:37:54   좌석 175/871
16:38:45   좌석 200/871
16:39:33   좌석 225/871
16:40:34   좌석 250/871
16:41:30   좌석 275/871
16:42:12   좌석 300/871
16:43:04   좌석 325/871
16:43:55   좌석 350/871
16:44:43   좌석 375/871
16:45:26   좌석 400/871
16:46:16   좌석 425/871
16:47:05   좌석 450/871
16:47:45   좌석 475/871
16:48:44   좌석 500/871
16:49:27   좌석 525/871
16:50:12   좌석 550/871
16:50:55   좌석 575/871
16:51:42   좌석 600/871
16:52:24   좌석 625/871
16:53:13   좌석 650/871
16:53:59   좌석 675/871
16:54:42   좌석 700/871
16:55:26   좌석 725/871
16:56:06   좌석 750/871
16:56:54   좌석 775/871
16:57:54   좌석 800/871
16:58:42   좌석 825/871
16:59:26   좌석 850/871
17:00:08 완료 → C:\Users\hanvi\OneDrive - 키노라이츠\바탕 화면\그린랜드2\arthouse_daily.csv (130571행, 좌석 채움 50188, 여전히 결손 80383)
17:00:08 완료 → C:\Users\hanvi\OneDrive - 키노라이츠\바탕 화면\그린랜드2\arthouse_meta.csv (9019편)
17:03:29 [1/2] 일별 관객·메타 수집 2024-01-01~2026-05-20
17:03:35   2024-01-01~2024-01-07: 관객행 636, 신규영화 215 (누적 215편)
17:03:42   2024-01-08~2024-01-14: 관객행 682, 신규영화 115 (누적 330편)
17:03:49   2024-01-15~2024-01-21: 관객행 722, 신규영화 70 (누적 400편)
17:03:56   2024-01-22~2024-01-28: 관객행 746, 신규영화 57 (누적 457편)
17:04:03   2024-01-29~2024-02-04: 관객행 786, 신규영화 75 (누적 532편)
17:04:10   2024-02-05~2024-02-11: 관객행 773, 신규영화 63 (누적 595편)
17:04:17   2024-02-12~2024-02-18: 관객행 883, 신규영화 75 (누적 670편)
17:04:24   2024-02-19~2024-02-25: 관객행 948, 신규영화 62 (누적 732편)
17:04:31   2024-02-26~2024-03-03: 관객행 813, 신규영화 48 (누적 780편)
17:04:37   2024-03-04~2024-03-10: 관객행 774, 신규영화 92 (누적 872편)
17:04:43   2024-03-11~2024-03-17: 관객행 660, 신규영화 51 (누적 923편)
17:04:49   2024-03-18~2024-03-24: 관객행 726, 신규영화 74 (누적 997편)
17:04:56   2024-03-25~2024-03-31: 관객행 829, 신규영화 93 (누적 1090편)
17:05:06   2024-04-01~2024-04-07: 관객행 834, 신규영화 84 (누적 1174편)
17:05:13   2024-04-08~2024-04-14: 관객행 805, 신규영화 55 (누적 1229편)
17:05:22   2024-04-15~2024-04-21: 관객행 846, 신규영화 57 (누적 1286편)
17:05:31   2024-04-22~2024-04-28: 관객행 755, 신규영화 65 (누적 1351편)
17:05:37   2024-04-29~2024-05-05: 관객행 744, 신규영화 74 (누적 1425편)
17:05:42   2024-05-06~2024-05-12: 관객행 703, 신규영화 65 (누적 1490편)
17:05:49   2024-05-13~2024-05-19: 관객행 774, 신규영화 78 (누적 1568편)
17:05:56   2024-05-20~2024-05-26: 관객행 800, 신규영화 72 (누적 1640편)
17:06:04   2024-05-27~2024-06-02: 관객행 829, 신규영화 104 (누적 1744편)
17:06:13   2024-06-03~2024-06-09: 관객행 844, 신규영화 65 (누적 1809편)
17:06:21   2024-06-10~2024-06-16: 관객행 798, 신규영화 70 (누적 1879편)
17:06:29   2024-06-17~2024-06-23: 관객행 802, 신규영화 105 (누적 1984편)
17:06:35   2024-06-24~2024-06-30: 관객행 835, 신규영화 98 (누적 2082편)
17:06:43   2024-07-01~2024-07-07: 관객행 840, 신규영화 60 (누적 2142편)
17:06:51   2024-07-08~2024-07-14: 관객행 860, 신규영화 54 (누적 2196편)
17:07:01   2024-07-15~2024-07-21: 관객행 972, 신규영화 108 (누적 2304편)
17:07:09   2024-07-22~2024-07-28: 관객행 917, 신규영화 62 (누적 2366편)
17:07:18   2024-07-29~2024-08-04: 관객행 862, 신규영화 76 (누적 2442편)
17:07:26   2024-08-05~2024-08-11: 관객행 854, 신규영화 67 (누적 2509편)
17:07:35   2024-08-12~2024-08-18: 관객행 880, 신규영화 98 (누적 2607편)
17:07:47   2024-08-19~2024-08-25: 관객행 952, 신규영화 186 (누적 2793편)
17:07:56   2024-08-26~2024-09-01: 관객행 952, 신규영화 54 (누적 2847편)
17:08:10   2024-09-02~2024-09-08: 관객행 986, 신규영화 137 (누적 2984편)
17:08:19   2024-09-09~2024-09-15: 관객행 933, 신규영화 68 (누적 3052편)
17:08:27   2024-09-16~2024-09-22: 관객행 834, 신규영화 38 (누적 3090편)
17:08:36   2024-09-23~2024-09-29: 관객행 945, 신규영화 106 (누적 3196편)
17:08:42   2024-09-30~2024-10-06: 관객행 757, 신규영화 43 (누적 3239편)
17:08:49   2024-10-07~2024-10-13: 관객행 762, 신규영화 61 (누적 3300편)
17:08:58   2024-10-14~2024-10-20: 관객행 916, 신규영화 106 (누적 3406편)
17:09:06   2024-10-21~2024-10-27: 관객행 922, 신규영화 85 (누적 3491편)
17:09:13   2024-10-28~2024-11-03: 관객행 947, 신규영화 69 (누적 3560편)
17:09:23   2024-11-04~2024-11-10: 관객행 1099, 신규영화 153 (누적 3713편)
17:09:32   2024-11-11~2024-11-17: 관객행 1110, 신규영화 81 (누적 3794편)
17:09:41   2024-11-18~2024-11-24: 관객행 1149, 신규영화 94 (누적 3888편)
17:09:51   2024-11-25~2024-12-01: 관객행 1158, 신규영화 147 (누적 4035편)
17:10:00   2024-12-02~2024-12-08: 관객행 1064, 신규영화 90 (누적 4125편)
17:10:08   2024-12-09~2024-12-15: 관객행 956, 신규영화 60 (누적 4185편)
17:10:15   2024-12-16~2024-12-22: 관객행 972, 신규영화 52 (누적 4237편)
17:10:23   2024-12-23~2024-12-29: 관객행 934, 신규영화 35 (누적 4272편)
17:10:31   2024-12-30~2025-01-05: 관객행 729, 신규영화 57 (누적 4329편)
17:10:38   2025-01-06~2025-01-12: 관객행 720, 신규영화 40 (누적 4369편)
17:10:46   2025-01-13~2025-01-19: 관객행 750, 신규영화 38 (누적 4407편)
17:10:52   2025-01-20~2025-01-26: 관객행 778, 신규영화 43 (누적 4450편)
17:11:00   2025-01-27~2025-02-02: 관객행 759, 신규영화 23 (누적 4473편)
17:11:07   2025-02-03~2025-02-09: 관객행 855, 신규영화 55 (누적 4528편)
17:11:14   2025-02-10~2025-02-16: 관객행 849, 신규영화 38 (누적 4566편)
17:11:20   2025-02-17~2025-02-23: 관객행 855, 신규영화 22 (누적 4588편)
17:11:29   2025-02-24~2025-03-02: 관객행 815, 신규영화 37 (누적 4625편)
17:11:35   2025-03-03~2025-03-09: 관객행 780, 신규영화 46 (누적 4671편)
17:11:42   2025-03-10~2025-03-16: 관객행 802, 신규영화 41 (누적 4712편)
17:11:49   2025-03-17~2025-03-23: 관객행 798, 신규영화 19 (누적 4731편)
17:11:55   2025-03-24~2025-03-30: 관객행 779, 신규영화 39 (누적 4770편)
17:12:03   2025-03-31~2025-04-06: 관객행 830, 신규영화 44 (누적 4814편)
17:12:11   2025-04-07~2025-04-13: 관객행 939, 신규영화 54 (누적 4868편)
17:12:18   2025-04-14~2025-04-20: 관객행 881, 신규영화 46 (누적 4914편)
17:12:25   2025-04-21~2025-04-27: 관객행 882, 신규영화 59 (누적 4973편)
17:12:32   2025-04-28~2025-05-04: 관객행 765, 신규영화 33 (누적 5006편)
17:12:40   2025-05-05~2025-05-11: 관객행 778, 신규영화 48 (누적 5054편)
17:12:48   2025-05-12~2025-05-18: 관객행 821, 신규영화 35 (누적 5089편)
17:12:55   2025-05-19~2025-05-25: 관객행 804, 신규영화 55 (누적 5144편)
17:13:04   2025-05-26~2025-06-01: 관객행 838, 신규영화 96 (누적 5240편)
17:13:10   2025-06-02~2025-06-08: 관객행 750, 신규영화 39 (누적 5279편)
17:13:17   2025-06-09~2025-06-15: 관객행 868, 신규영화 89 (누적 5368편)
17:13:25   2025-06-16~2025-06-22: 관객행 875, 신규영화 60 (누적 5428편)
17:13:33   2025-06-23~2025-06-29: 관객행 878, 신규영화 63 (누적 5491편)
17:13:40   2025-06-30~2025-07-06: 관객행 831, 신규영화 38 (누적 5529편)
17:13:46   2025-07-07~2025-07-13: 관객행 800, 신규영화 43 (누적 5572편)
17:13:53   2025-07-14~2025-07-20: 관객행 834, 신규영화 75 (누적 5647편)
17:14:02   2025-07-21~2025-07-27: 관객행 894, 신규영화 59 (누적 5706편)
17:14:10   2025-07-28~2025-08-03: 관객행 897, 신규영화 74 (누적 5780편)
17:14:17   2025-08-04~2025-08-10: 관객행 861, 신규영화 67 (누적 5847편)
17:14:27   2025-08-11~2025-08-17: 관객행 898, 신규영화 59 (누적 5906편)
17:14:34   2025-08-18~2025-08-24: 관객행 931, 신규영화 97 (누적 6003편)
17:14:42   2025-08-25~2025-08-31: 관객행 989, 신규영화 117 (누적 6120편)
17:14:49   2025-09-01~2025-09-07: 관객행 874, 신규영화 93 (누적 6213편)
17:14:57   2025-09-08~2025-09-14: 관객행 1017, 신규영화 117 (누적 6330편)
17:15:05   2025-09-15~2025-09-21: 관객행 973, 신규영화 85 (누적 6415편)
17:15:13   2025-09-22~2025-09-28: 관객행 918, 신규영화 97 (누적 6512편)
17:15:20   2025-09-29~2025-10-05: 관객행 880, 신규영화 70 (누적 6582편)
17:15:27   2025-10-06~2025-10-12: 관객행 860, 신규영화 77 (누적 6659편)
17:15:37   2025-10-13~2025-10-19: 관객행 964, 신규영화 124 (누적 6783편)
17:15:47   2025-10-20~2025-10-26: 관객행 935, 신규영화 140 (누적 6923편)
17:15:56   2025-10-27~2025-11-02: 관객행 916, 신규영화 78 (누적 7001편)
17:16:05   2025-11-03~2025-11-09: 관객행 979, 신규영화 149 (누적 7150편)
17:16:13   2025-11-10~2025-11-16: 관객행 1019, 신규영화 92 (누적 7242편)
17:16:21   2025-11-17~2025-11-23: 관객행 994, 신규영화 113 (누적 7355편)
17:16:30   2025-11-24~2025-11-30: 관객행 941, 신규영화 131 (누적 7486편)
17:16:39   2025-12-01~2025-12-07: 관객행 968, 신규영화 92 (누적 7578편)
17:16:47   2025-12-08~2025-12-14: 관객행 894, 신규영화 100 (누적 7678편)
17:16:54   2025-12-15~2025-12-21: 관객행 842, 신규영화 88 (누적 7766편)
17:17:01   2025-12-22~2025-12-28: 관객행 864, 신규영화 44 (누적 7810편)
17:17:08   2025-12-29~2026-01-04: 관객행 755, 신규영화 30 (누적 7840편)
17:17:15   2026-01-05~2026-01-11: 관객행 784, 신규영화 74 (누적 7914편)
17:17:23   2026-01-12~2026-01-18: 관객행 826, 신규영화 74 (누적 7988편)
17:17:30   2026-01-19~2026-01-25: 관객행 818, 신규영화 33 (누적 8021편)
17:17:39   2026-01-26~2026-02-01: 관객행 990, 신규영화 108 (누적 8129편)
17:17:46   2026-02-02~2026-02-08: 관객행 925, 신규영화 45 (누적 8174편)
17:17:53   2026-02-09~2026-02-15: 관객행 909, 신규영화 53 (누적 8227편)
17:18:01   2026-02-16~2026-02-22: 관객행 915, 신규영화 46 (누적 8273편)
17:18:08   2026-02-23~2026-03-01: 관객행 944, 신규영화 76 (누적 8349편)
17:18:14   2026-03-02~2026-03-08: 관객행 832, 신규영화 38 (누적 8387편)
17:18:21   2026-03-09~2026-03-15: 관객행 831, 신규영화 68 (누적 8455편)
17:18:26   2026-03-16~2026-03-22: 관객행 779, 신규영화 48 (누적 8503편)
17:18:33   2026-03-23~2026-03-29: 관객행 846, 신규영화 80 (누적 8583편)
17:18:38   2026-03-30~2026-04-05: 관객행 849, 신규영화 46 (누적 8629편)
17:18:46   2026-04-06~2026-04-12: 관객행 917, 신규영화 89 (누적 8718편)
17:18:53   2026-04-13~2026-04-19: 관객행 865, 신규영화 74 (누적 8792편)
17:19:01   2026-04-20~2026-04-26: 관객행 916, 신규영화 83 (누적 8875편)
17:19:07   2026-04-27~2026-05-03: 관객행 798, 신규영화 35 (누적 8910편)
17:19:13   2026-05-04~2026-05-10: 관객행 819, 신규영화 42 (누적 8952편)
17:19:19   2026-05-11~2026-05-17: 관객행 844, 신규영화 68 (누적 9020편)
17:19:23   2026-05-18~2026-05-20: 관객행 371, 신규영화 38 (누적 9058편)
17:19:24 [2/2] 좌석 채우기
17:19:25   캐시에서 50128건 복원 (871일)
17:19:25   추가 조회 필요 0일
17:19:26 완료 → C:\Users\hanvi\OneDrive - 키노라이츠\바탕 화면\그린랜드2\arthouse_daily.csv (107364행, 좌석 채움 49942, 여전히 결손 57422)
17:19:26 완료 → C:\Users\hanvi\OneDrive - 키노라이츠\바탕 화면\그린랜드2\arthouse_meta.csv (9058편)
18:02:08 [1/2] 일별 관객·메타 수집 2024-01-01~2026-05-20
18:02:08 [2/2] 좌석 채우기
18:02:09   추가 조회 필요 871일
18:02:49   좌석 25/871
18:03:35   좌석 50/871
18:04:23   좌석 75/871
18:05:05   좌석 100/871
18:05:52   좌석 125/871
18:06:34   좌석 150/871
18:07:13   좌석 175/871
18:07:54   좌석 200/871
18:08:40   좌석 225/871
18:09:16   좌석 250/871
18:10:02   좌석 275/871
18:10:45   좌석 300/871
18:11:30   좌석 325/871
18:12:15   좌석 350/871
18:13:08   좌석 375/871
18:13:47   좌석 400/871
18:14:27   좌석 425/871
18:15:05   좌석 450/871
18:15:45   좌석 475/871
18:16:25   좌석 500/871
18:17:08   좌석 525/871
18:17:48   좌석 550/871
18:18:29   좌석 575/871
18:19:09   좌석 600/871
18:20:07   좌석 625/871
18:20:50   좌석 650/871
18:21:29   좌석 675/871
18:22:15   좌석 700/871
18:22:54   좌석 725/871
18:23:36   좌석 750/871
18:24:13   좌석 775/871
18:24:56   좌석 800/871
18:25:34   좌석 825/871
18:26:15   좌석 850/871
18:26:50 완료 → C:\Users\hanvi\OneDrive - 키노라이츠\바탕 화면\그린랜드2\arthouse_daily.csv (107364행, 좌석 채움 69652, 여전히 결손 37712)
18:26:50 완료 → C:\Users\hanvi\OneDrive - 키노라이츠\바탕 화면\그린랜드2\arthouse_meta.csv (9058편)
23:00:10 [1/2] 일별 관객·메타 수집 2024-01-01~2026-07-21
23:00:19   2026-05-18~2026-05-24: 관객행 908, 신규영화 43 (누적 9101편)
23:00:29   2026-05-25~2026-05-31: 관객행 819, 신규영화 46 (누적 9147편)
23:00:36   2026-06-01~2026-06-07: 관객행 750, 신규영화 65 (누적 9212편)
23:00:43   2026-06-08~2026-06-14: 관객행 829, 신규영화 48 (누적 9260편)
23:00:51   2026-06-15~2026-06-21: 관객행 951, 신규영화 102 (누적 9362편)
23:01:01   2026-06-22~2026-06-28: 관객행 1021, 신규영화 104 (누적 9466편)
23:01:09   2026-06-29~2026-07-05: 관객행 876, 신규영화 44 (누적 9510편)
23:01:17   2026-07-06~2026-07-12: 관객행 883, 신규영화 61 (누적 9571편)
23:01:23   2026-07-13~2026-07-19: 관객행 855, 신규영화 79 (누적 9650편)
23:01:27   2026-07-20~2026-07-21: 관객행 221, 신규영화 19 (누적 9669편)
23:01:27 [2/2] 좌석 채우기
23:01:28   캐시에서 70363건 복원 (871일)
23:01:28   추가 조회 필요 62일
23:02:18   좌석 25/62
23:03:01   좌석 50/62
23:03:22 완료 → C:\Users\hanvi\OneDrive - 키노라이츠\바탕 화면\그린랜드2\arthouse_daily.csv (115477행, 좌석 채움 5198, 여전히 결손 40627)
23:03:22 완료 → C:\Users\hanvi\OneDrive - 키노라이츠\바탕 화면\그린랜드2\arthouse_meta.csv (9669편)
