18:02:08 [1/2] 일별 관객·메타 수집 2024-01-01~2026-05-20
18:02:08 [2/2] 좌석 채우기
18:02:09   추가 조회 필요 871일
18:02:49   좌석 25/871
18:03:35   좌석 50/871
18:04:23   좌석 75/871
18:05:05   좌석 100/871
18:05:52   좌석 125/871
18:06:34   좌석 150/871
18:07:13   좌석 175/871
18:07:54   좌석 200/871
18:08:40   좌석 225/871
18:09:16   좌석 250/871
18:10:02   좌석 275/871
18:10:45   좌석 300/871
18:11:30   좌석 325/871
18:12:15   좌석 350/871
18:13:08   좌석 375/871
18:13:47   좌석 400/871
18:14:27   좌석 425/871
18:15:05   좌석 450/871
18:15:45   좌석 475/871
18:16:25   좌석 500/871
18:17:08   좌석 525/871
18:17:48   좌석 550/871
18:18:29   좌석 575/871
18:19:09   좌석 600/871
18:20:07   좌석 625/871
18:20:50   좌석 650/871
18:21:29   좌석 675/871
18:22:15   좌석 700/871
18:22:54   좌석 725/871
18:23:36   좌석 750/871
18:24:13   좌석 775/871
18:24:56   좌석 800/871
18:25:34   좌석 825/871
18:26:15   좌석 850/871
18:26:50 완료 → C:\Users\hanvi\OneDrive - 키노라이츠\바탕 화면\그린랜드2\arthouse_daily.csv (107364행, 좌석 채움 69652, 여전히 결손 37712)
18:26:50 완료 → C:\Users\hanvi\OneDrive - 키노라이츠\바탕 화면\그린랜드2\arthouse_meta.csv (9058편)
