14:49:49 시작: 대상 1500편, 이미 0편 완료
14:50:23   진행 50편 (마지막 코코 / 미국 애니메이션 / 극장 3534625)
14:50:56   진행 100편 (마지막 마션 / 미국 액션,어드벤처,SF / 극장 4887144)
14:51:28   진행 150편 (마지막 히말라야 / 한국 드라마 / 극장 7760011)
14:51:59   진행 200편 (마지막 존 윅 3: 파라벨룸 / 미국 액션,범죄,스릴러 / 극장 1007930)
14:52:28   진행 250편 (마지막 국제수사 / 한국 코미디,드라마,액션,범죄 / 극장 537470)
14:52:58   진행 300편 (마지막 몽타주 / 한국 스릴러 / 극장 2095592)
14:53:28   진행 350편 (마지막 존 윅 / 미국 액션,스릴러 / 극장 128877)
14:53:58   진행 400편 (마지막 토이 스토리 3 / 미국 가족,코미디,판타지 / 극장 1460726)
14:54:51 시작: 대상 2663편, 이미 412편 완료
14:55:20   진행 50편 (마지막 해치지않아 / 한국 코미디 / 극장 1224726)
14:55:51   진행 100편 (마지막 해무(海霧) / 한국 드라마 / 극장 1475582)
14:56:21   진행 150편 (마지막 악마를 보았다 / 한국 스릴러 / 극장 1817069)
14:56:50   진행 200편 (마지막 트랜스포머: 비스트의 서막 / 미국 액션 / 극장 769993)
14:57:18   진행 250편 (마지막 뮬란 / 미국 어드벤처,드라마,가족 / 극장 236247)
14:57:47   진행 300편 (마지막 스타트렉 다크니스 / 미국 액션,SF,어드벤처 / 극장 1607555)
14:58:16   진행 350편 (마지막 아이스 로드 / 미국 스릴러 / 극장 27037)
14:58:45   진행 400편 (마지막 어쌔신 크리드 / 미국 액션,어드벤처,판타지,SF / 극장 355913)
14:59:13   진행 450편 (마지막 론 서바이버 / 미국 액션,드라마,스릴러 / 극장 190611)
14:59:42   진행 500편 (마지막 언더워터 / 미국 스릴러 / 극장 109207)
15:00:12   진행 550편 (마지막 말할 수 없는 비밀 / 대만  / 극장 172661)
15:00:44   진행 600편 (마지막 세 얼간이 / 인도  / 극장 459836)
15:01:13   진행 650편 (마지막 고녀석 맛나겠다2 : 함께라서 행복해 / 한국  / 극장 56105)
15:01:41   진행 700편 (마지막 스머프: 비밀의 숲 / 미국 애니메이션,가족 / 극장 427764)
15:02:12   진행 750편 (마지막 내가 죽던 날 / 한국 드라마 / 극장 234522)
15:02:41   진행 800편 (마지막 애나벨 집으로 / 미국  / 극장 481766)
15:03:09   진행 850편 (마지막 마크맨 / 미국 액션 / 극장 26202)
15:03:36   진행 900편 (마지막 앨빈과 슈퍼밴드: 악동 어드벤처 / 미국 애니메이션,어드벤처,코미디 / 극장 292495)
15:04:04   진행 950편 (마지막 슈퍼맨 / 미국 액션,어드벤처 / 극장 864368)
15:04:32   진행 1000편 (마지막 7호실 / 한국 코미디 / 극장 348017)
15:04:57   진행 1050편 (마지막 두 개의 달 / 한국  / 극장 426706)
15:05:23   진행 1100편 (마지막 트위스터스 / 미국 액션,어드벤처,드라마 / 극장 620240)
15:05:49   진행 1150편 (마지막 미키 17 / 미국 어드벤처,SF,드라마,코미디 / 극장 3013854)
15:06:18   진행 1200편 (마지막 아임 히어로 더 파이널 / 한국 공연,다큐멘터리 / 극장 250702)
15:06:48   진행 1250편 (마지막 샤이닝 / 미국  / 극장 21734)
15:07:15   진행 1300편 (마지막 355 / 미국 액션 / 극장 49098)
15:07:45   진행 1350편 (마지막 사일런싱 / 미국  / 극장 5011)
15:08:15   진행 1400편 (마지막 하얀 차를 탄 여자 / 한국  / 극장 20404)
15:08:42   진행 1450편 (마지막 CCTV / 한국  / 극장 1188)
15:09:12   진행 1500편 (마지막 비스트 / 미국  / 극장 4053)
15:09:46   진행 1550편 (마지막 스파이럴 / 헝가리 스릴러 / 극장 132432)
15:10:19   진행 1600편 (마지막 스트레스 제로 / 한국  / 극장 8755)
15:10:47   진행 1650편 (마지막 키퍼스 / 영국  / 극장 1784)
15:11:15   진행 1700편 (마지막 스폰지밥 무비: 네모바지를 찾아서 / 미국 애니메이션 / 극장 86514)
15:11:41   진행 1750편 (마지막 셔터 / 태국  / 극장 291218)
15:12:07   진행 1800편 (마지막 사랑을 위한 이별 / 한국  / 극장 0)
15:12:33   진행 1850편 (마지막 금지된 관계 / 브라질  / 극장 360)
15:12:56   진행 1900편 (마지막 아더와 미니모이-제1탄비밀원정대의출정 / 프랑스 어드벤처,판타지 / 극장 126546)
15:13:21   진행 1950편 (마지막 혼자 사는 사람들 / 한국  / 극장 12839)
15:13:49   진행 2000편 (마지막 특수부대 백호2 / 중국 전쟁,액션 / 극장 0)
15:14:16   진행 2050편 (마지막 타이거마스크 / 한국 코미디,액션 / 극장 811)
15:14:42   진행 2100편 (마지막 애시드 레인: 죽음의 비 / 프랑스  / 극장 3994)
15:15:08   진행 2150편 (마지막 쥬라기 리턴즈 / 영국  / 극장 240)
15:15:33   진행 2200편 (마지막 칠검 / 홍콩 액션 / 극장 285195)
15:16:01   진행 2250편 (마지막 연인들 / 독일  / 극장 854)
15:16:02 완료: 신규 2251편 → vkobis_enriched.csv
