10:08:34 시작: 2657편, 완료 0
10:09:01   실패 FS20151228: ('Connection aborted.', RemoteDisconnected('Remote
10:09:06   실패 FS20184889: HTTPSConnectionPool(host='www.vkobis.or.kr', port=
10:10:49   100편 (마지막 민규동 / ['임수정(정인)', '이선균(두현)', '류승룡(성기)'])
10:11:46   200편 (마지막 브래드 버드 / ['톰 크루즈', '제레미 레너'])
10:12:50   300편 (마지막 피터 버그 / ['리암 니슨(셰인)', '테일러 키취(알렉스 하퍼)', '알렉산더 스카스가드(스톤 하퍼)'])
10:13:48   400편 (마지막 아비 콘 / ['에이미 슈머', '미쉘 윌리엄스'])
10:14:42   500편 (마지막 오키우라 히로유키 / ['미야마 카렌(모모)', '유카(이쿠코 미야우라)', '이선( 이선 모모 (한국어 목소리))'])
10:15:45   600편 (마지막 퍼갈 레일리 / [])
10:16:36   700편 (마지막 정범식 / ['조여정(백보희)', '클라라', '김태우(구강성)'])
10:17:25   800편 (마지막 다니엘 에스피노사 / ['제이크 질렌할', '레베카 퍼거슨', '라이언 레이놀즈'])
10:18:13   900편 (마지막 데스틴 다니엘 크리튼 / ['양조위', '아콰피나', '양자경'])
10:19:04   1000편 (마지막 임순례 / ['박해일(윤민철 PD)', '유연석(심민호)', '이경영(이장환 박사)'])
10:19:50   1100편 (마지막 김현석 / ['정재영(우석)', '김옥빈(영은)', '최다니엘(지완)'])
10:20:35   1200편 (마지막 박은경 / ['성동일', '김유정', '손호준'])
10:21:20   1300편 (마지막 자움 콜렛 세라 / ['리암 니슨', '조엘 킨나만', '에드 해리스'])
10:22:01   1400편 (마지막 이윤정 / ['정우성(연석원)', '김하늘(김진영)', '임주은(이보영)'])
10:22:46   1500편 (마지막 하준원 / ['조진웅', '김희애', '이수경'])
10:23:30   1600편 (마지막 존 추 / ['신시아 에리보', '아리아나 그란데', '조나단 베일리'])
10:24:13   1700편 (마지막 정용기 / ['김보라(나영)', '김재현(우원)', '신소율(태희)'])
10:24:56   1800편 (마지막 말콤 D. 리 / ['르브론 제임스', '돈 치들', '젠데이아 콜먼'])
10:25:39   1900편 (마지막 김여정 / ['곽선영(영은)', '권유리(김민)', '이설(박해영)'])
10:26:20   2000편 (마지막 제임스 그레이 / ['기네스 팰트로우', '호아킨 피닉스', '비네사 쇼'])
10:27:03   2100편 (마지막 키오니 왁스먼 / ['스티븐 시걸', '스티브 오스틴', '마이클 파레'])
10:27:45   2200편 (마지막 신창환 / ['샘 해밍턴', '김서영', '강시현'])
10:28:25   2300편 (마지막 오우삼 / ['조엘 킨나만'])
10:29:06   2400편 (마지막 타마르 반 덴 도프 / ['요런 셀데슬라흐츠', '할리나 레인', '카텔리즈네 베르베케'])
10:29:45   2500편 (마지막  / [])
10:30:25   2600편 (마지막  / [])
10:30:48 완료: 신규 2655편
